[backblue.gif]
[fade.gif]
[index.html]
[groups.csail.mit.edu/mac/classes/6.001/ST98/psets/ps12web/ps12-ans.txt]
[groups.csail.mit.edu/mac/classes/6.001/ST98/psets/ps11web/ps11-ans.txt]
[groups.csail.mit.edu/mac/classes/6.001/ST98/psets/ps10web/ps10-ans.txt]
[groups.csail.mit.edu/mac/classes/6.001/ST98/psets/ps8web/ps8-ans.txt]
[groups.csail.mit.edu/mac/classes/6.001/ST98/psets/ps7web/ps7-ans.txt]
[groups.csail.mit.edu/mac/classes/6.001/ST98/psets/ps6web/ps6-ans.txt]
[groups.csail.mit.edu/mac/classes/6.001/ST98/psets/ps4web/ps4-ans.txt]
[groups.csail.mit.edu/mac/classes/6.001/ST98/psets/ps3web/ps3-ans.txt]
[groups.csail.mit.edu/mac/classes/6.001/ST98/psets/index.html]
[groups.csail.mit.edu/mac/classes/6.001/ST98/psets/ps13web/index.html]
[groups.csail.mit.edu/mac/classes/6.001/ST98/psets/ps12web/ps12-reg.ps]
[groups.csail.mit.edu/mac/classes/6.001/ST98/psets/ps12web/ps12-reg.dvi]
[groups.csail.mit.edu/mac/classes/6.001/ST98/psets/ps12web/ps12.tar.gz]
[ftp.ai.mit.edu/people/bkph/ps12-reg.pdf]
[groups.csail.mit.edu/mac/classes/6.001/ST98/psets/ps12web/ps12.zip]
[groups.csail.mit.edu/mac/classes/6.001/ST98/psets/ps12web/index.html]
[groups.csail.mit.edu/mac/classes/6.001/ST98/psets/ps11web/ps11.ps]
[groups.csail.mit.edu/mac/classes/6.001/ST98/psets/ps11web/ps11.dvi]
[groups.csail.mit.edu/mac/classes/6.001/ST98/psets/ps11web/ps11.tar.gz]
[ftp.ai.mit.edu/people/bkph/ps11.pdf]
[groups.csail.mit.edu/mac/classes/6.001/ST98/psets/ps11web/ps11.zip]
[groups.csail.mit.edu/mac/classes/6.001/ST98/psets/ps11web/index.html]
[groups.csail.mit.edu/mac/classes/6.001/ST98/psets/ps10web/ps10-tool.ps]
[groups.csail.mit.edu/mac/classes/6.001/ST98/psets/ps10web/ps10-tool.dvi]
[groups.csail.mit.edu/mac/classes/6.001/ST98/psets/ps10web/ps10.tar.gz]
[ftp.ai.mit.edu/people/bkph/ps10-tool.pdf]
[groups.csail.mit.edu/mac/classes/6.001/ST98/psets/ps10web/ps10.zip]
[groups.csail.mit.edu/mac/classes/6.001/ST98/psets/ps10web/index.html]
[groups.csail.mit.edu/mac/classes/6.001/ST98/psets/ps9web/ps9-handout.ps]
[groups.csail.mit.edu/mac/classes/6.001/ST98/psets/ps9web/index.html]
[groups.csail.mit.edu/mac/classes/6.001/ST98/psets/ps8web/ps8-speech.ps]
[groups.csail.mit.edu/mac/classes/6.001/ST98/psets/ps8web/ps8-speech.dvi]
[groups.csail.mit.edu/mac/classes/6.001/ST98/psets/ps8web/ps8.tar.gz]
[ftp.ai.mit.edu/people/bkph/ps8-speech.pdf]
[groups.csail.mit.edu/mac/classes/6.001/ST98/psets/ps8web/ps8.zip]
[groups.csail.mit.edu/mac/classes/6.001/ST98/psets/ps8web/index.html]
[groups.csail.mit.edu/mac/classes/6.001/ST98/psets/ps7web/ps7-robot.ps]
[groups.csail.mit.edu/mac/classes/6.001/ST98/psets/ps7web/ps7-robot.dvi]
[groups.csail.mit.edu/mac/classes/6.001/ST98/psets/ps7web/ps7.tar.gz]
[groups.csail.mit.edu/mac/classes/6.001/ST98/psets/ps7web/ps7.zip]
[ftp.ai.mit.edu/people/bkph/ps7-robot.pdf]
[groups.csail.mit.edu/mac/classes/6.001/ST98/psets/ps7web/index.html]
[groups.csail.mit.edu/mac/classes/6.001/ST98/psets/ps6web/ps6-search.ps]
[groups.csail.mit.edu/mac/classes/6.001/ST98/psets/ps6web/ps6-search.dvi]
[groups.csail.mit.edu/mac/classes/6.001/ST98/psets/ps6web/ps6.tar.gz]
[groups.csail.mit.edu/mac/classes/6.001/ST98/psets/ps6web/ps6.zip]
[ftp.ai.mit.edu/people/bkph/ps6-search.pdf]
[groups.csail.mit.edu/mac/classes/6.001/ST98/psets/ps6web/index.html]
[groups.csail.mit.edu/mac/classes/6.001/ST98/psets/ps5web/index.html]
[groups.csail.mit.edu/mac/classes/6.001/ST98/psets/ps4web/ps4-aliens.ps]
[groups.csail.mit.edu/mac/classes/6.001/ST98/psets/ps4web/ps4-aliens.dvi]
[groups.csail.mit.edu/mac/classes/6.001/ST98/psets/ps4web/ps4.tar.gz]
[ftp.ai.mit.edu/people/bkph/ps4-aliens.pdf]
[groups.csail.mit.edu/mac/classes/6.001/ST98/psets/ps4web/ps4.zip]
[groups.csail.mit.edu/mac/classes/6.001/ST98/psets/ps4web/index.html]
[groups.csail.mit.edu/mac/classes/6.001/ST98/psets/ps3web/ps3-hend.ps]
[groups.csail.mit.edu/mac/classes/6.001/ST98/psets/ps3web/ps3-hend.dvi]
[groups.csail.mit.edu/mac/classes/6.001/ST98/psets/ps3web/ps3.tar.gz]
[groups.csail.mit.edu/mac/classes/6.001/ST98/psets/ps3web/ps3.zip]
[ftp.ai.mit.edu/people/bkph/ps3-hend.pdf]
[groups.csail.mit.edu/mac/classes/6.001/ST98/psets/ps3web/index.html]
[groups.csail.mit.edu/mac/classes/6.001/ST98/psets/ps2web/ps2-elgamal.ps]
[groups.csail.mit.edu/mac/classes/6.001/ST98/psets/ps2web/ps2-elgamal.dvi]
[groups.csail.mit.edu/mac/classes/6.001/ST98/psets/ps2web/ps2.tar.gz]
[groups.csail.mit.edu/mac/classes/6.001/ST98/psets/ps2web/ps2.zip]
[ftp.ai.mit.edu/people/bkph/ps2-elgamal.pdf]
[groups.csail.mit.edu/mac/classes/6.001/ST98/psets/ps2web/index.html]
[groups.csail.mit.edu/mac/classes/6.001/ST98/psets/ps2web/ps2-solutions/solutions.html]
[groups.csail.mit.edu/mac/classes/6.001/ST98/psets/ps1web/ps1-intro.ps]
[groups.csail.mit.edu/mac/classes/6.001/ST98/psets/ps1web/ps1-intro.dvi]
[groups.csail.mit.edu/mac/classes/6.001/ST98/psets/ps1web/ps1.tar.gz]
[groups.csail.mit.edu/mac/classes/6.001/ST98/psets/ps1web/ps1.zip]
[ftp.ai.mit.edu/people/bkph/ps1-intro.pdf]
[groups.csail.mit.edu/mac/classes/6.001/ST98/psets/ps1web/index.html]
[groups.csail.mit.edu/mac/classes/6.001/ST98/psets/ps1web/ps1-ans.html]
[groups.csail.mit.edu/mac/classes/6.001/ST98/psets/ps12web/ps12-reg/ps12-reg.css]
[groups.csail.mit.edu/mac/classes/6.001/ST98/psets/ps12web/ps12-reg/ps12-reg.html]
[ftp.ai.mit.edu/people/bkph/ps12-reg.pdf]
[groups.csail.mit.edu/mac/classes/6.001/ST98/psets/ps12web/compiler.html]
[groups.csail.mit.edu/mac/classes/6.001/ST98/psets/ps12web/syntax.html]
[groups.csail.mit.edu/mac/classes/6.001/ST98/psets/ps12web/eceval-compiler.html]
[groups.csail.mit.edu/mac/classes/6.001/ST98/psets/ps12web/eceval-support.html]
[groups.csail.mit.edu/mac/classes/6.001/ST98/psets/ps12web/regsim.html]
[groups.csail.mit.edu/mac/classes/6.001/ST98/psets/ps11web/ps11/ps11.css]
[groups.csail.mit.edu/mac/classes/6.001/ST98/psets/ps11web/ps11/ps11.html]
[ftp.ai.mit.edu/people/bkph/ps11.pdf]
[groups.csail.mit.edu/mac/classes/6.001/ST98/psets/ps11web/load-amb.html]
[groups.csail.mit.edu/mac/classes/6.001/ST98/psets/ps11web/syntax.html]
[groups.csail.mit.edu/mac/classes/6.001/ST98/psets/ps11web/evdata.html]
[groups.csail.mit.edu/mac/classes/6.001/ST98/psets/ps11web/setup.html]
[groups.csail.mit.edu/mac/classes/6.001/ST98/psets/ps11web/rep-support.html]
[groups.csail.mit.edu/mac/classes/6.001/ST98/psets/ps11web/let.html]
[groups.csail.mit.edu/mac/classes/6.001/ST98/psets/ps11web/ambeval.html]
[groups.csail.mit.edu/mac/classes/6.001/ST98/psets/ps11web/puzz.html]
[groups.csail.mit.edu/mac/classes/6.001/ST98/psets/ps10web/ps10-tool/ps10-tool.css]
[groups.csail.mit.edu/mac/classes/6.001/ST98/psets/ps10web/ps10-tool/ps10-tool.html]
[ftp.ai.mit.edu/people/bkph/ps10-tool.pdf]
[groups.csail.mit.edu/mac/classes/6.001/ST98/psets/ps10web/tool.html]
[groups.csail.mit.edu/mac/classes/6.001/ST98/psets/ps10web/syntax.html]
[groups.csail.mit.edu/mac/classes/6.001/ST98/psets/ps10web/ps10-mod.html]
[groups.csail.mit.edu/mac/classes/6.001/ST98/psets/ps8web/ps8-speech/ps8-speech.css]
[groups.csail.mit.edu/mac/classes/6.001/ST98/psets/ps8web/ps8-speech/img1.gif]
[groups.csail.mit.edu/mac/classes/6.001/ST98/psets/ps8web/ps8-speech/ps8-speech.html]
[ftp.ai.mit.edu/people/bkph/ps8-speech.pdf]
[groups.csail.mit.edu/mac/classes/6.001/ST98/psets/ps8web/speech.html]
[groups.csail.mit.edu/mac/classes/6.001/ST98/psets/ps8web/dict.html]
[groups.csail.mit.edu/mac/classes/6.001/ST98/psets/ps7web/ps7-robot/ps7-robot.css]
[groups.csail.mit.edu/mac/classes/6.001/ST98/psets/ps7web/ps7-robot/ps7-robot.html]
[ftp.ai.mit.edu/people/bkph/ps7-robot.pdf]
[groups.csail.mit.edu/mac/classes/6.001/ST98/psets/ps7web/objsys.html]
[groups.csail.mit.edu/mac/classes/6.001/ST98/psets/ps7web/objtypes.html]
[groups.csail.mit.edu/mac/classes/6.001/ST98/psets/ps7web/setup.html]
[groups.csail.mit.edu/mac/classes/6.001/ST98/psets/ps7web/search-rooms.html]
[groups.csail.mit.edu/mac/classes/6.001/ST98/psets/ps6web/ps6-search/ps6-search.css]
[groups.csail.mit.edu/mac/classes/6.001/ST98/psets/ps6web/ps6-search/ps6-search.html]
[ftp.ai.mit.edu/people/bkph/ps6-search.pdf]
[groups.csail.mit.edu/mac/classes/6.001/ST98/psets/ps6web/search.html]
[groups.csail.mit.edu/mac/classes/6.001/ST98/psets/ps5web/ps5-code.html]
[groups.csail.mit.edu/mac/classes/6.001/ST98/psets/ps4web/ps4-aliens/ps4-aliens.css]
[groups.csail.mit.edu/mac/classes/6.001/ST98/psets/ps4web/ps4-aliens/img1.gif]
[groups.csail.mit.edu/mac/classes/6.001/ST98/psets/ps4web/ps4-aliens/ps4-aliens.html]
[ftp.ai.mit.edu/people/bkph/ps4-aliens.pdf]
[groups.csail.mit.edu/mac/classes/6.001/ST98/psets/ps4web/aliens.html]
[groups.csail.mit.edu/mac/classes/6.001/ST98/psets/ps3web/ps3-hend/ps3-hend.css]
[groups.csail.mit.edu/mac/classes/6.001/ST98/psets/ps3web/ps3-hend/ps3-hend.html]
[ftp.ai.mit.edu/people/bkph/ps3-hend.pdf]
[groups.csail.mit.edu/mac/classes/6.001/ST98/psets/ps3web/hend.html]
[groups.csail.mit.edu/mac/classes/6.001/ST98/psets/ps2web/ps2-elgamal/ps2-elgamal.css]
[groups.csail.mit.edu/mac/classes/6.001/ST98/psets/ps2web/ps2-elgamal/ps2-elgamal.html]
[ftp.ai.mit.edu/people/bkph/ps2-elgamal.pdf]
[groups.csail.mit.edu/mac/classes/6.001/ST98/psets/ps2web/elgamal.html]
[groups.csail.mit.edu/mac/classes/6.001/ST98/psets/ps2web/ps2-solutions/node1.html]
[groups.csail.mit.edu/mac/classes/6.001/ST98/psets/ps2web/ps2-solutions/node2.html]
[groups.csail.mit.edu/mac/classes/6.001/ST98/psets/ps2web/ps2-solutions/img1.gif]
[groups.csail.mit.edu/mac/classes/6.001/ST98/psets/ps2web/ps2-solutions/node3.html]
[groups.csail.mit.edu/mac/classes/6.001/ST98/psets/ps2web/ps2-solutions/node4.html]
[groups.csail.mit.edu/mac/classes/6.001/ST98/psets/ps2web/ps2-solutions/img2.gif]
[groups.csail.mit.edu/mac/classes/6.001/ST98/psets/ps2web/ps2-solutions/img3.gif]
[groups.csail.mit.edu/mac/classes/6.001/ST98/psets/ps2web/ps2-solutions/img4.gif]
[groups.csail.mit.edu/mac/classes/6.001/ST98/psets/ps2web/ps2-solutions/img5.gif]
[groups.csail.mit.edu/mac/classes/6.001/ST98/psets/ps2web/ps2-solutions/img6.gif]
[groups.csail.mit.edu/mac/classes/6.001/ST98/psets/ps2web/ps2-solutions/img7.gif]
[groups.csail.mit.edu/mac/classes/6.001/ST98/psets/ps2web/ps2-solutions/img8.gif]
[groups.csail.mit.edu/mac/classes/6.001/ST98/psets/ps2web/ps2-solutions/img9.gif]
[groups.csail.mit.edu/mac/classes/6.001/ST98/psets/ps2web/ps2-solutions/img10.gif]
[groups.csail.mit.edu/mac/classes/6.001/ST98/psets/ps2web/ps2-solutions/node5.html]
[groups.csail.mit.edu/mac/classes/6.001/ST98/psets/ps2web/ps2-solutions/node6.html]
[groups.csail.mit.edu/mac/classes/6.001/ST98/psets/ps2web/ps2-solutions/node7.html]
[groups.csail.mit.edu/mac/classes/6.001/ST98/psets/ps2web/ps2-solutions/node8.html]
[groups.csail.mit.edu/mac/classes/6.001/ST98/psets/ps2web/ps2-solutions/node9.html]
[groups.csail.mit.edu/mac/classes/6.001/ST98/psets/ps2web/ps2-solutions/node10.html]
[groups.csail.mit.edu/mac/classes/6.001/ST98/psets/ps2web/ps2-solutions/node11.html]
[groups.csail.mit.edu/mac/classes/6.001/ST98/psets/ps1web/ps1-intro/ps1-intro.css]
[groups.csail.mit.edu/mac/classes/6.001/ST98/psets/ps1web/ps1-intro/ps1-intro.html]
[ftp.ai.mit.edu/people/bkph/ps1-intro.pdf]
[groups.csail.mit.edu/mac/classes/6.001/ST98/psets/ps12web/ps12-reg/ps12-reg.css]
[groups.csail.mit.edu/mac/classes/6.001/ST98/psets/ps12web/ps12-reg/node1.html]
[groups.csail.mit.edu/mac/classes/6.001/ST98/psets/ps12web/ps12-reg/footnode.html]
[groups.csail.mit.edu/mac/classes/6.001/ST98/psets/ps12web/ps12-reg/node2.html]
[groups.csail.mit.edu/mac/classes/6.001/ST98/psets/ps12web/ps12-reg/node3.html]
[groups.csail.mit.edu/mac/classes/6.001/ST98/psets/ps11web/ps11/ps11.css]
[groups.csail.mit.edu/mac/classes/6.001/ST98/psets/ps11web/ps11/node1.html]
[groups.csail.mit.edu/mac/classes/6.001/ST98/psets/ps11web/ps11/node2.html]
[groups.csail.mit.edu/mac/classes/6.001/ST98/psets/ps11web/ps11/node3.html]
[groups.csail.mit.edu/mac/classes/6.001/ST98/psets/ps11web/ps11/node4.html]
[groups.csail.mit.edu/mac/classes/6.001/ST98/psets/ps10web/ps10-tool/ps10-tool.css]
[groups.csail.mit.edu/mac/classes/6.001/ST98/psets/ps10web/ps10-tool/node1.html]
[groups.csail.mit.edu/mac/classes/6.001/ST98/psets/ps10web/ps10-tool/footnode.html]
[groups.csail.mit.edu/mac/classes/6.001/ST98/psets/ps10web/ps10-tool/node2.html]
[groups.csail.mit.edu/mac/classes/6.001/ST98/psets/ps10web/ps10-tool/img1.gif]
[groups.csail.mit.edu/mac/classes/6.001/ST98/psets/ps10web/ps10-tool/node3.html]
[groups.csail.mit.edu/mac/classes/6.001/ST98/psets/ps10web/ps10-tool/node4.html]
[groups.csail.mit.edu/mac/classes/6.001/ST98/psets/ps10web/ps10-tool/node5.html]
[groups.csail.mit.edu/mac/classes/6.001/ST98/psets/ps8web/ps8-speech/ps8-speech.css]
[groups.csail.mit.edu/mac/classes/6.001/ST98/psets/ps8web/ps8-speech/node1.html]
[groups.csail.mit.edu/mac/classes/6.001/ST98/psets/ps8web/ps8-speech/img2.gif]
[groups.csail.mit.edu/mac/classes/6.001/ST98/psets/ps8web/ps8-speech/img3.gif]
[groups.csail.mit.edu/mac/classes/6.001/ST98/psets/ps8web/ps8-speech/img4.gif]
[groups.csail.mit.edu/mac/classes/6.001/ST98/psets/ps8web/ps8-speech/img5.gif]
[groups.csail.mit.edu/mac/classes/6.001/ST98/psets/ps8web/ps8-speech/img6.gif]
[groups.csail.mit.edu/mac/classes/6.001/ST98/psets/ps8web/ps8-speech/img7.gif]
[groups.csail.mit.edu/mac/classes/6.001/ST98/psets/ps8web/ps8-speech/img8.gif]
[groups.csail.mit.edu/mac/classes/6.001/ST98/psets/ps8web/ps8-speech/img9.gif]
[groups.csail.mit.edu/mac/classes/6.001/ST98/psets/ps8web/ps8-speech/node2.html]
[groups.csail.mit.edu/mac/classes/6.001/ST98/psets/ps8web/ps8-speech/node3.html]
[groups.csail.mit.edu/mac/classes/6.001/ST98/psets/ps8web/ps8-speech/node4.html]
[groups.csail.mit.edu/mac/classes/6.001/ST98/psets/ps7web/ps7-robot/ps7-robot.css]
[groups.csail.mit.edu/mac/classes/6.001/ST98/psets/ps7web/ps7-robot/node1.html]
[groups.csail.mit.edu/mac/classes/6.001/ST98/psets/ps7web/ps7-robot/node2.html]
[groups.csail.mit.edu/mac/classes/6.001/ST98/psets/ps7web/ps7-robot/node3.html]
[groups.csail.mit.edu/mac/classes/6.001/ST98/psets/ps7web/ps7-robot/node4.html]
[groups.csail.mit.edu/mac/classes/6.001/ST98/psets/ps7web/ps7-robot/node5.html]
[groups.csail.mit.edu/mac/classes/6.001/ST98/psets/ps7web/ps7-robot/node6.html]
[groups.csail.mit.edu/mac/classes/6.001/ST98/psets/ps6web/ps6-search/ps6-search.css]
[groups.csail.mit.edu/mac/classes/6.001/ST98/psets/ps6web/ps6-search/img1.gif]
[groups.csail.mit.edu/mac/classes/6.001/ST98/psets/ps6web/ps6-search/node1.html]
[groups.csail.mit.edu/mac/classes/6.001/ST98/psets/ps6web/ps6-search/node2.html]
[groups.csail.mit.edu/mac/classes/6.001/ST98/psets/ps6web/ps6-search/node3.html]
[groups.csail.mit.edu/mac/classes/6.001/ST98/psets/ps6web/ps6-search/node4.html]
[groups.csail.mit.edu/mac/classes/6.001/ST98/psets/ps4web/ps4-aliens/ps4-aliens.css]
[groups.csail.mit.edu/mac/classes/6.001/ST98/psets/ps4web/ps4-aliens/img2.gif]
[groups.csail.mit.edu/mac/classes/6.001/ST98/psets/ps4web/ps4-aliens/node1.html]
[groups.csail.mit.edu/mac/classes/6.001/ST98/psets/ps4web/ps4-aliens/node2.html]
[groups.csail.mit.edu/mac/classes/6.001/ST98/psets/ps4web/ps4-aliens/node3.html]
[groups.csail.mit.edu/mac/classes/6.001/ST98/psets/ps4web/ps4-aliens/node4.html]
[groups.csail.mit.edu/mac/classes/6.001/ST98/psets/ps3web/ps3-hend/ps3-hend.css]
[groups.csail.mit.edu/mac/classes/6.001/ST98/psets/ps3web/ps3-hend/node1.html]
[groups.csail.mit.edu/mac/classes/6.001/ST98/psets/ps3web/ps3-hend/img2.gif]
[groups.csail.mit.edu/mac/classes/6.001/ST98/psets/ps3web/ps3-hend/footnode.html]
[groups.csail.mit.edu/mac/classes/6.001/ST98/psets/ps3web/ps3-hend/img1.gif]
[groups.csail.mit.edu/mac/classes/6.001/ST98/psets/ps3web/ps3-hend/img3.gif]
[groups.csail.mit.edu/mac/classes/6.001/ST98/psets/ps3web/ps3-hend/node2.html]
[groups.csail.mit.edu/mac/classes/6.001/ST98/psets/ps3web/ps3-hend/node3.html]
[groups.csail.mit.edu/mac/classes/6.001/ST98/psets/ps2web/ps2-elgamal/ps2-elgamal.css]
[groups.csail.mit.edu/mac/classes/6.001/ST98/psets/ps2web/ps2-elgamal/img1.gif]
[groups.csail.mit.edu/mac/classes/6.001/ST98/psets/ps2web/ps2-elgamal/img2.gif]
[groups.csail.mit.edu/mac/classes/6.001/ST98/psets/ps2web/ps2-elgamal/img3.gif]
[groups.csail.mit.edu/mac/classes/6.001/ST98/psets/ps2web/ps2-elgamal/img5.gif]
[groups.csail.mit.edu/mac/classes/6.001/ST98/psets/ps2web/ps2-elgamal/img6.gif]
[groups.csail.mit.edu/mac/classes/6.001/ST98/psets/ps2web/ps2-elgamal/img7.gif]
[groups.csail.mit.edu/mac/classes/6.001/ST98/psets/ps2web/ps2-elgamal/img8.gif]
[groups.csail.mit.edu/mac/classes/6.001/ST98/psets/ps2web/ps2-elgamal/img9.gif]
[groups.csail.mit.edu/mac/classes/6.001/ST98/psets/ps2web/ps2-elgamal/img10.gif]
[groups.csail.mit.edu/mac/classes/6.001/ST98/psets/ps2web/ps2-elgamal/img11.gif]
[groups.csail.mit.edu/mac/classes/6.001/ST98/psets/ps2web/ps2-elgamal/img12.gif]
[groups.csail.mit.edu/mac/classes/6.001/ST98/psets/ps2web/ps2-elgamal/img13.gif]
[groups.csail.mit.edu/mac/classes/6.001/ST98/psets/ps2web/ps2-elgamal/img14.gif]
[groups.csail.mit.edu/mac/classes/6.001/ST98/psets/ps2web/ps2-elgamal/img15.gif]
[groups.csail.mit.edu/mac/classes/6.001/ST98/psets/ps2web/ps2-elgamal/img16.gif]
[groups.csail.mit.edu/mac/classes/6.001/ST98/psets/ps2web/ps2-elgamal/img17.gif]
[groups.csail.mit.edu/mac/classes/6.001/ST98/psets/ps2web/ps2-elgamal/img18.gif]
[groups.csail.mit.edu/mac/classes/6.001/ST98/psets/ps2web/ps2-elgamal/img19.gif]
[groups.csail.mit.edu/mac/classes/6.001/ST98/psets/ps2web/ps2-elgamal/img21.gif]
[groups.csail.mit.edu/mac/classes/6.001/ST98/psets/ps2web/ps2-elgamal/img22.gif]
[groups.csail.mit.edu/mac/classes/6.001/ST98/psets/ps2web/ps2-elgamal/img26.gif]
[groups.csail.mit.edu/mac/classes/6.001/ST98/psets/ps2web/ps2-elgamal/img27.gif]
[groups.csail.mit.edu/mac/classes/6.001/ST98/psets/ps2web/ps2-elgamal/img28.gif]
[groups.csail.mit.edu/mac/classes/6.001/ST98/psets/ps2web/ps2-elgamal/img29.gif]
[groups.csail.mit.edu/mac/classes/6.001/ST98/psets/ps2web/ps2-elgamal/node1.html]
[groups.csail.mit.edu/mac/classes/6.001/ST98/psets/ps2web/ps2-elgamal/img4.gif]
[groups.csail.mit.edu/mac/classes/6.001/ST98/psets/ps2web/ps2-elgamal/img20.gif]
[groups.csail.mit.edu/mac/classes/6.001/ST98/psets/ps2web/ps2-elgamal/img23.gif]
[groups.csail.mit.edu/mac/classes/6.001/ST98/psets/ps2web/ps2-elgamal/img24.gif]
[groups.csail.mit.edu/mac/classes/6.001/ST98/psets/ps2web/ps2-elgamal/img25.gif]
[groups.csail.mit.edu/mac/classes/6.001/ST98/psets/ps2web/ps2-elgamal/img36.gif]
[groups.csail.mit.edu/mac/classes/6.001/ST98/psets/ps2web/ps2-elgamal/footnode.html]
[groups.csail.mit.edu/mac/classes/6.001/ST98/psets/ps2web/ps2-elgamal/img30.gif]
[groups.csail.mit.edu/mac/classes/6.001/ST98/psets/ps2web/ps2-elgamal/img31.gif]
[groups.csail.mit.edu/mac/classes/6.001/ST98/psets/ps2web/ps2-elgamal/img32.gif]
[groups.csail.mit.edu/mac/classes/6.001/ST98/psets/ps2web/ps2-elgamal/img33.gif]
[groups.csail.mit.edu/mac/classes/6.001/ST98/psets/ps2web/ps2-elgamal/img34.gif]
[groups.csail.mit.edu/mac/classes/6.001/ST98/psets/ps2web/ps2-elgamal/img35.gif]
[groups.csail.mit.edu/mac/classes/6.001/ST98/psets/ps2web/ps2-elgamal/img37.gif]
[groups.csail.mit.edu/mac/classes/6.001/ST98/psets/ps2web/ps2-elgamal/img38.gif]
[groups.csail.mit.edu/mac/classes/6.001/ST98/psets/ps2web/ps2-elgamal/img39.gif]
[groups.csail.mit.edu/mac/classes/6.001/ST98/psets/ps2web/ps2-elgamal/img40.gif]
[groups.csail.mit.edu/mac/classes/6.001/ST98/psets/ps2web/ps2-elgamal/img41.gif]
[groups.csail.mit.edu/mac/classes/6.001/ST98/psets/ps2web/ps2-elgamal/node2.html]
[groups.csail.mit.edu/mac/classes/6.001/ST98/psets/ps2web/ps2-elgamal/node3.html]
[groups.csail.mit.edu/mac/classes/6.001/ST98/psets/ps2web/ps2-elgamal/img42.gif]
[groups.csail.mit.edu/mac/classes/6.001/ST98/psets/ps2web/ps2-elgamal/node4.html]
[groups.csail.mit.edu/mac/classes/6.001/ST98/psets/ps2web/ps2-elgamal/node5.html]
[groups.csail.mit.edu/mac/classes/6.001/ST98/psets/ps1web/ps1-intro/ps1-intro.css]
[groups.csail.mit.edu/mac/classes/6.001/ST98/psets/ps1web/ps1-intro/img1.gif]
[groups.csail.mit.edu/mac/classes/6.001/ST98/psets/ps1web/ps1-intro/node1.html]
[groups.csail.mit.edu/mac/classes/6.001/ST98/psets/ps1web/ps1-intro/node2.html]
[groups.csail.mit.edu/mac/classes/6.001/ST98/psets/ps1web/ps1-intro/img2.gif]
[groups.csail.mit.edu/mac/classes/6.001/ST98/psets/ps1web/ps1-intro/img3.gif]
[groups.csail.mit.edu/mac/classes/6.001/ST98/psets/ps1web/ps1-intro/img4.gif]
[groups.csail.mit.edu/mac/classes/6.001/ST98/psets/ps1web/ps1-intro/img5.gif]
[groups.csail.mit.edu/mac/classes/6.001/ST98/psets/ps1web/ps1-intro/img6.gif]
[groups.csail.mit.edu/mac/classes/6.001/ST98/psets/ps1web/ps1-intro/img7.gif]
[groups.csail.mit.edu/mac/classes/6.001/ST98/psets/ps1web/ps1-intro/img8.gif]
[groups.csail.mit.edu/mac/classes/6.001/ST98/psets/ps1web/ps1-intro/img9.gif]
[groups.csail.mit.edu/mac/classes/6.001/ST98/psets/ps1web/ps1-intro/img10.gif]
[groups.csail.mit.edu/mac/classes/6.001/ST98/psets/ps1web/ps1-intro/img11.gif]
[groups.csail.mit.edu/mac/classes/6.001/ST98/psets/ps1web/ps1-intro/img12.gif]
[groups.csail.mit.edu/mac/classes/6.001/ST98/psets/ps1web/ps1-intro/img13.gif]
[groups.csail.mit.edu/mac/classes/6.001/ST98/psets/ps1web/ps1-intro/img14.gif]
[groups.csail.mit.edu/mac/classes/6.001/ST98/psets/ps1web/ps1-intro/node3.html]
[groups.csail.mit.edu/mac/classes/6.001/ST98/psets/ps1web/ps1-intro/img15.gif]
[groups.csail.mit.edu/mac/classes/6.001/ST98/psets/ps1web/ps1-intro/node4.html]
[groups.csail.mit.edu/mac/classes/6.001/ST98/psets/ps1web/ps1-intro/node5.html]
[groups.csail.mit.edu/mac/classes/6.001/ST98/psets/ps7web/ps7-robot/footnode.html]
[groups.csail.mit.edu/mac/classes/6.001/ST98/psets/ps4web/ps4-aliens/footnode.html]
[groups.csail.mit.edu/mac/classes/6.001/ST98/psets/ps1web/ps1-intro/footnode.html]
